
> srd-55@0.0.0 build
> tsc -b && vite build --configLoader runner && node tools/assert-dist-clean.mjs

[36mvite v7.3.6 [32mbuilding client environment for production...[36m[39m
transforming...
[32m✓[39m 571 modules transformed.
rendering chunks...
computing gzip size...
[2mdist/[22m[32mlicenses/STARTER-ART-NOTICE.txt               [39m[1m[2m    0.33 kB[22m[1m[22m[2m │ gzip:   0.25 kB[22m
[2mdist/[22m[2massets/[22m[32mbrowser-capability-worker-B8qwN7d9.js  [39m[1m[2m    0.65 kB[22m[1m[22m
[2mdist/[22m[32mLICENSE.txt                                   [39m[1m[2m    1.84 kB[22m[1m[22m[2m │ gzip:   1.02 kB[22m
[2mdist/[22m[32mindex.html                                    [39m[1m[2m    2.39 kB[22m[1m[22m[2m │ gzip:   1.02 kB[22m
[2mdist/[22m[32mlicenses/CC-BY-4.0.txt                        [39m[1m[2m   18.66 kB[22m[1m[22m[2m │ gzip:   5.92 kB[22m
[2mdist/[22m[2massets/[22m[32msqlite3-opfs-async-proxy-D_xnb1D8.js   [39m[1m[2m   32.29 kB[22m[1m[22m
[2mdist/[22m[2massets/[22m[32msqlite3-worker1-Ydf970DV.js            [39m[1m[2m  213.43 kB[22m[1m[22m
[2mdist/[22m[2massets/[22m[32msqlite3-BVKGSWc-.wasm                  [39m[1m[2m  864.75 kB[22m[1m[22m[2m │ gzip: 401.93 kB[22m
[2mdist/[22m[2massets/[22m[32mworker-BsuiB6C9.js                     [39m[1m[2m5,527.91 kB[22m[1m[22m
[2mdist/[22m[2massets/[22m[35mindex-HSBhZ1x8.css                     [39m[1m[2m   64.50 kB[22m[1m[22m[2m │ gzip:  13.10 kB[22m
[2mdist/[22m[2massets/[22m[36mapp-BZE_aVHS.js                        [39m[1m[2m  166.52 kB[22m[1m[22m[2m │ gzip:  55.04 kB[22m
[2mdist/[22m[2massets/[22m[36mencounter-app-CuYUNc8i.js              [39m[1m[2m  229.02 kB[22m[1m[22m[2m │ gzip:  57.14 kB[22m
[2mdist/[22m[2massets/[22m[36mindex-518NzmDX.js                      [39m[1m[33m3,062.35 kB[39m[22m[2m │ gzip: 699.26 kB[22m
[33m
(!) Some chunks are larger than 500 kB after minification. Consider:
- Using dynamic import() to code-split the application
- Use build.rollupOptions.output.manualChunks to improve chunking: https://rollupjs.org/configuration-options/#output-manualchunks
- Adjust chunk size limit for this warning via build.chunkSizeWarningLimit.[39m
[32m✓ built in 4.24s[39m
bundled digest clean: 444 aggregates, df17e8173291e3042464a8ffdc8aa8d84530067b60acba9f479b3233d37bb384
dist clean: 45 files scanned, control OK, migration control OK, 42 PWA shell files transcribed, 3 licence texts bundled

 RUN  v4.1.10 /home/vagrant/PhpstormProjects/dnd-lane-vtt3a

[spell-source-parse-cache] reused /tmp/dnd-srd-spell-source-parse-cache/d6abbd2e43254e4b.json
 ❯ tests/unit/source-is-greppable.test.ts (6 tests | 1 failed) 32ms
     × contains no literal NUL byte anywhere 4ms
 ❯ tests/unit/tools/scraped-output-is-never-committed.test.ts (5 tests | 1 failed) 432ms
     × tracks no file whose CONTENTS carry the sentinel, outside the allowlist 378ms

⎯⎯⎯⎯⎯⎯⎯ Failed Tests 2 ⎯⎯⎯⎯⎯⎯⎯

 FAIL  tests/unit/source-is-greppable.test.ts > tracked source is greppable > contains no literal NUL byte anywhere
Error: ENOENT: no such file or directory, stat '/home/vagrant/PhpstormProjects/dnd-lane-vtt3a/.tmp-v.log'
 ❯ tests/unit/source-is-greppable.test.ts:105:25
    103|     const offenders = files
    104|       .filter((file) => !BINARY_EXEMPT.includes(file))
    105|       .filter((file) => statSync(join(repoRoot, file)).isFile())
       |                         ^
    106|       .flatMap((file) => {
    107|         const lines = nulLines(readFileSync(join(repoRoot, file)));
 ❯ tests/unit/source-is-greppable.test.ts:105:8

⎯⎯⎯⎯⎯⎯⎯⎯⎯⎯⎯⎯⎯⎯⎯⎯⎯⎯⎯⎯⎯⎯⎯⎯[1/2]⎯

 FAIL  tests/unit/tools/scraped-output-is-never-committed.test.ts > scraped output is never committed > tracks no file whose CONTENTS carry the sentinel, outside the allowlist
AssertionError: these tracked files contain the sentinel:
.tmp-lane-8.log: expected [ '.tmp-lane-8.log' ] to deeply equal []

- Expected
+ Received

- []
+ [
+   ".tmp-lane-8.log",
+ ]

 ❯ tests/unit/tools/scraped-output-is-never-committed.test.ts:125:7
    123|       offenders,
    124|       `these tracked files contain the sentinel:\n${offenders.join('\n…
    125|     ).toEqual([]);
       |       ^
    126|   });
    127|

⎯⎯⎯⎯⎯⎯⎯⎯⎯⎯⎯⎯⎯⎯⎯⎯⎯⎯⎯⎯⎯⎯⎯⎯[2/2]⎯


 Test Files  2 failed | 402 passed (404)
      Tests  2 failed | 7395 passed (7397)
   Start at  10:11:35
   Duration  100.64s (transform 42.87s, setup 0ms, import 89.29s, tests 977.41s, environment 28ms)

